// Jest Snapshot v1, https://goo.gl/fbAQLP

exports[`is it here? did it render? 1`] = `
<form
  className="form-main"
  onSubmit={[Function]}
>
  <fieldset>
    <legend>
      SignUp
    </legend>
    <a
      href="https://nameless-taiga-88760.herokuapp.com/api/alcode/auth/login"
    >
      Sign in with your Google account
    </a>
    <label
      htmlFor="email-input"
    >
      <input
        className="input"
        id="email-input"
        onChange={[Function]}
        placeholder="email"
        required={true}
        type="text"
        value=""
      />
    </label>
    <label
      htmlFor="password-input"
    >
      <input
        className="input"
        id="password-input"
        onChange={[Function]}
        placeholder="password"
        required={true}
        type="text"
        value=""
      />
    </label>
    <label
      htmlFor="name-input"
    >
      <input
        className="input"
        id="name-input"
        onChange={[Function]}
        placeholder="name"
        required={true}
        type="text"
        value=""
      />
    </label>
    <button
      className="btn-main"
      type="submit"
    >
      SignUp
    </button>
    <p>
      
    </p>
  </fieldset>
</form>
`;
